// Jest Snapshot v1, https://goo.gl/fbAQLP

exports[`<VideoPlayerHtml5 /> Should render and match the snapshot 1`] = `
<video
  class="image-gallery-image"
  controls=""
>
  <source
    type=""
  />
</video>
`;
