// Jest Snapshot v1, https://goo.gl/fbAQLP

exports[`<LoadingIndicator /> should match the snapshot 1`] = `
.c2 {
  width: 100%;
  height: 100%;
  position: absolute;
  left: 0;
  top: 0;
}

0 .c1:before {
  content: '';
  display: block;
  margin: 0 auto;
  width: 15%;
  height: 15%;
  background-color: #999;
  border-radius: 100%;
  -webkit-animation: hRYYZp 1.2s infinite ease-in-out both;
  animation: hRYYZp 1.2s infinite ease-in-out both;
}

.c3 {
  width: 100%;
  height: 100%;
  position: absolute;
  left: 0;
  top: 0;
  -webkit-transform: rotate(30deg);
  -ms-transform: rotate(30deg);
  -webkit-transform: rotate(30deg);
  -ms-transform: rotate(30deg);
  transform: rotate(30deg);
}

.c3:before {
  content: '';
  display: block;
  margin: 0 auto;
  width: 15%;
  height: 15%;
  background-color: #999;
  border-radius: 100%;
  -webkit-animation: hRYYZp 1.2s infinite ease-in-out both;
  animation: hRYYZp 1.2s infinite ease-in-out both;
  -webkit-animation-delay: -1.1s;
  -webkit-animation-delay: -1.1s;
  animation-delay: -1.1s;
}

.c4 {
  width: 100%;
  height: 100%;
  position: absolute;
  left: 0;
  top: 0;
  -webkit-transform: rotate(60deg);
  -ms-transform: rotate(60deg);
  -webkit-transform: rotate(60deg);
  -ms-transform: rotate(60deg);
  transform: rotate(60deg);
}

.c4:before {
  content: '';
  display: block;
  margin: 0 auto;
  width: 15%;
  height: 15%;
  background-color: #999;
  border-radius: 100%;
  -webkit-animation: hRYYZp 1.2s infinite ease-in-out both;
  animation: hRYYZp 1.2s infinite ease-in-out both;
  -webkit-animation-delay: -1s;
  -webkit-animation-delay: -1s;
  animation-delay: -1s;
}

.c5 {
  width: 100%;
  height: 100%;
  position: absolute;
  left: 0;
  top: 0;
  -webkit-transform: rotate(90deg);
  -ms-transform: rotate(90deg);
  -webkit-transform: rotate(90deg);
  -ms-transform: rotate(90deg);
  transform: rotate(90deg);
}

.c5:before {
  content: '';
  display: block;
  margin: 0 auto;
  width: 15%;
  height: 15%;
  background-color: #999;
  border-radius: 100%;
  -webkit-animation: hRYYZp 1.2s infinite ease-in-out both;
  animation: hRYYZp 1.2s infinite ease-in-out both;
  -webkit-animation-delay: -0.9s;
  -webkit-animation-delay: -0.9s;
  animation-delay: -0.9s;
}

.c6 {
  width: 100%;
  height: 100%;
  position: absolute;
  left: 0;
  top: 0;
  -webkit-transform: rotate(120deg);
  -ms-transform: rotate(120deg);
  -webkit-transform: rotate(120deg);
  -ms-transform: rotate(120deg);
  transform: rotate(120deg);
}

.c6:before {
  content: '';
  display: block;
  margin: 0 auto;
  width: 15%;
  height: 15%;
  background-color: #999;
  border-radius: 100%;
  -webkit-animation: hRYYZp 1.2s infinite ease-in-out both;
  animation: hRYYZp 1.2s infinite ease-in-out both;
  -webkit-animation-delay: -0.8s;
  -webkit-animation-delay: -0.8s;
  animation-delay: -0.8s;
}

.c7 {
  width: 100%;
  height: 100%;
  position: absolute;
  left: 0;
  top: 0;
  -webkit-transform: rotate(150deg);
  -ms-transform: rotate(150deg);
  -webkit-transform: rotate(150deg);
  -ms-transform: rotate(150deg);
  transform: rotate(150deg);
}

.c7:before {
  content: '';
  display: block;
  margin: 0 auto;
  width: 15%;
  height: 15%;
  background-color: #999;
  border-radius: 100%;
  -webkit-animation: hRYYZp 1.2s infinite ease-in-out both;
  animation: hRYYZp 1.2s infinite ease-in-out both;
  -webkit-animation-delay: -0.7s;
  -webkit-animation-delay: -0.7s;
  animation-delay: -0.7s;
}

.c8 {
  width: 100%;
  height: 100%;
  position: absolute;
  left: 0;
  top: 0;
  -webkit-transform: rotate(180deg);
  -ms-transform: rotate(180deg);
  -webkit-transform: rotate(180deg);
  -ms-transform: rotate(180deg);
  transform: rotate(180deg);
}

.c8:before {
  content: '';
  display: block;
  margin: 0 auto;
  width: 15%;
  height: 15%;
  background-color: #999;
  border-radius: 100%;
  -webkit-animation: hRYYZp 1.2s infinite ease-in-out both;
  animation: hRYYZp 1.2s infinite ease-in-out both;
  -webkit-animation-delay: -0.6s;
  -webkit-animation-delay: -0.6s;
  animation-delay: -0.6s;
}

.c9 {
  width: 100%;
  height: 100%;
  position: absolute;
  left: 0;
  top: 0;
  -webkit-transform: rotate(210deg);
  -ms-transform: rotate(210deg);
  -webkit-transform: rotate(210deg);
  -ms-transform: rotate(210deg);
  transform: rotate(210deg);
}

.c9:before {
  content: '';
  display: block;
  margin: 0 auto;
  width: 15%;
  height: 15%;
  background-color: #999;
  border-radius: 100%;
  -webkit-animation: hRYYZp 1.2s infinite ease-in-out both;
  animation: hRYYZp 1.2s infinite ease-in-out both;
  -webkit-animation-delay: -0.5s;
  -webkit-animation-delay: -0.5s;
  animation-delay: -0.5s;
}

.c10 {
  width: 100%;
  height: 100%;
  position: absolute;
  left: 0;
  top: 0;
  -webkit-transform: rotate(240deg);
  -ms-transform: rotate(240deg);
  -webkit-transform: rotate(240deg);
  -ms-transform: rotate(240deg);
  transform: rotate(240deg);
}

.c10:before {
  content: '';
  display: block;
  margin: 0 auto;
  width: 15%;
  height: 15%;
  background-color: #999;
  border-radius: 100%;
  -webkit-animation: hRYYZp 1.2s infinite ease-in-out both;
  animation: hRYYZp 1.2s infinite ease-in-out both;
  -webkit-animation-delay: -0.4s;
  -webkit-animation-delay: -0.4s;
  animation-delay: -0.4s;
}

.c11 {
  width: 100%;
  height: 100%;
  position: absolute;
  left: 0;
  top: 0;
  -webkit-transform: rotate(270deg);
  -ms-transform: rotate(270deg);
  -webkit-transform: rotate(270deg);
  -ms-transform: rotate(270deg);
  transform: rotate(270deg);
}

.c11:before {
  content: '';
  display: block;
  margin: 0 auto;
  width: 15%;
  height: 15%;
  background-color: #999;
  border-radius: 100%;
  -webkit-animation: hRYYZp 1.2s infinite ease-in-out both;
  animation: hRYYZp 1.2s infinite ease-in-out both;
  -webkit-animation-delay: -0.3s;
  -webkit-animation-delay: -0.3s;
  animation-delay: -0.3s;
}

.c12 {
  width: 100%;
  height: 100%;
  position: absolute;
  left: 0;
  top: 0;
  -webkit-transform: rotate(300deg);
  -ms-transform: rotate(300deg);
  -webkit-transform: rotate(300deg);
  -ms-transform: rotate(300deg);
  transform: rotate(300deg);
}

.c12:before {
  content: '';
  display: block;
  margin: 0 auto;
  width: 15%;
  height: 15%;
  background-color: #999;
  border-radius: 100%;
  -webkit-animation: hRYYZp 1.2s infinite ease-in-out both;
  animation: hRYYZp 1.2s infinite ease-in-out both;
  -webkit-animation-delay: -0.2s;
  -webkit-animation-delay: -0.2s;
  animation-delay: -0.2s;
}

.c13 {
  width: 100%;
  height: 100%;
  position: absolute;
  left: 0;
  top: 0;
  -webkit-transform: rotate(330deg);
  -ms-transform: rotate(330deg);
  -webkit-transform: rotate(330deg);
  -ms-transform: rotate(330deg);
  transform: rotate(330deg);
}

.c13:before {
  content: '';
  display: block;
  margin: 0 auto;
  width: 15%;
  height: 15%;
  background-color: #999;
  border-radius: 100%;
  -webkit-animation: hRYYZp 1.2s infinite ease-in-out both;
  animation: hRYYZp 1.2s infinite ease-in-out both;
  -webkit-animation-delay: -0.1s;
  -webkit-animation-delay: -0.1s;
  animation-delay: -0.1s;
}

.c0 {
  margin: 2em auto;
  width: 40px;
  height: 40px;
  position: relative;
}

<div
  class="c0"
>
  <div
    class="c1 c2"
    data-testid="loader"
    rotate="0"
  />
  <div
    class="c1 c3"
    data-testid="loader"
    rotate="30"
  />
  <div
    class="c1 c4"
    data-testid="loader"
    rotate="60"
  />
  <div
    class="c1 c5"
    data-testid="loader"
    rotate="90"
  />
  <div
    class="c1 c6"
    data-testid="loader"
    rotate="120"
  />
  <div
    class="c1 c7"
    data-testid="loader"
    rotate="150"
  />
  <div
    class="c1 c8"
    data-testid="loader"
    rotate="180"
  />
  <div
    class="c1 c9"
    data-testid="loader"
    rotate="210"
  />
  <div
    class="c1 c10"
    data-testid="loader"
    rotate="240"
  />
  <div
    class="c1 c11"
    data-testid="loader"
    rotate="270"
  />
  <div
    class="c1 c12"
    data-testid="loader"
    rotate="300"
  />
  <div
    class="c1 c13"
    data-testid="loader"
    rotate="330"
  />
</div>
`;
