// Jest Snapshot v1, https://goo.gl/fbAQLP

exports[`<VideoPlayerHtml5 /> Should render and match the snapshot 1`] = `
<span
  class="image-gallery-description"
>
  Sample HTML5 video
</span>
`;
