// Jest Snapshot v1, https://goo.gl/fbAQLP

exports[`<Link /> Should render and match the snapshot 1`] = `
<a
  class="Link__ColouredLink-pyilfz-0 hkoxpZ"
  href="/some-internal-link"
/>
`;
